---
source: tui/src/status/tests.rs
expression: sanitized
---
/status

  >_ OpenAI Codex (v0.0.0)

  Visit https://chatgpt.com/settings/usage
  for up-to-date
  information on rate limits and credits

  Model:               ｶﾞﾊﾟｶﾞﾊﾟｶﾞﾊﾟｶﾞ
                       ﾊﾟ-model (reasoning
                       none, summaries
                       auto)
  Directory:           [[workspace]]
  Permissions:         Custom (workspace
                       with network
                       access, Ask for
                       approval)
  Agents.md:           <none>
  Account:             ｶﾞﾊﾟｶﾞﾊﾟｶﾞﾊﾟ
                       @example.com (ｶﾞﾊﾟ
                       plan)
  Thread name:         ｶﾞﾊﾟｶﾞﾊﾟｶﾞﾊﾟｶﾞﾊﾟ
                       thread
  Collaboration mode:  ｶﾞﾊﾟ collaboration
                       mode

  Limits:              data not available
                       yet
