---
source: tui/src/markdown_render_tests.rs
expression: "plain_lines(&text).join(\"\\n\")"
---
analysis.md (analysis/021_all_experiments_best_per_group/analysis.md)

analysis .md (analysis.md:12)

analysis.md:12:3

../analysis.md

file://[

broken (file://[)

 File
━━━━━━━━━━━━━━━━━━━━━━━━━━━
 analysis.md (analysis.md)
───────────────────────────
 ./empty.md
