---
source: tui/src/resume_picker.rs
expression: "footer_snapshot(&state, 220, 20)"
---
───────────────────────────────────────────────────────────────────────────────────────────────────────────────────────────────────────────────────────────────────────────────────────────────────────────── 0 / 0 · 100% ─
 enter resume   esc start new   ⌃c quit   tab focus sort/filter   ←/→ change option
 ⌃o dense view   ⌃t transcript   ⌃e expand   ↑/↓ browse
