---
source: tui/src/tooltips.rs
expression: rendered
---
Line::from_iter([Span::from("Tip:").bold(), Span::from(" Use the "), Span::from("desktop app").bold(), Span::from(". Install it")]) []
Line::from("from") []
Line::from(Span::from("https://chatgpt.com/codex?app-landing-page=true").fg(Color::Reset).underlined()) [TerminalHyperlink { columns: 0..47, destination: "https://chatgpt.com/codex?app-landing-page=true", destination_kind: Web }]
Line::from_iter([Span::from("and run "), Span::from("codex app").fg(Color::Rgb(166, 227, 161)), Span::from(".")]) []
