---
source: tui/src/markdown_render_tests.rs
expression: rendered
---
file:///repo/src/lib.rs (src/lib.rs)

SRC\LIB.RS (src/lib.rs:12)

./src/lib.rs (src/lib.rs)

file:///C:/Repo/Src/Lib.rs (C:/Repo/Src/Lib.rs)

FILE:///C:/Repo/Src/Lib.rs (C:/Repo/Src/Lib.rs)

file://server/share/My File.rs (//server/share/My File.rs)

//SERVER/SHARE/My File.rs (//server/share/My File.rs)

file:///repo/My File.rs (My File.rs)

file:///repo/percent%2520.rs (percent%20.rs)

percent%20.rs (percent%20.rs)

open My File.rs (My File.rs)

other/src/lib.rs (src/lib.rs)
