---
source: tui/src/tui/windows_key_sequence_tests.rs
assertion_line: 188
expression: terminal.backend()
---
"                                                            "
"› first line                                                "
"                                                            "
"  second line [13;2u                                        "
"                                                            "
"                                                            "
"                                                            "
"                                                            "
"                                         100% context left  "
