---
source: mermaid/src/families_tests.rs
expression: output
---
┌─────────────────────┐
│ Payment pending     │
│ ───────────────     │
│ Retry up to 3 times │
│                     ├◄────────────────┐
│                     ├──paid───────────╪───┐
│                     ├──declined───────╪───╪─┐
└─────────────────────┘                 │   │ │
                                        │   │ │
                                        │   │ │
┌─────────────────────┐                 │   │ │
│ ● initial           │                 │   │ │
│                     ├─────────────┐   │   │ │
└─────────────────────┘             │   │   │ │
                                    │   │   │ │
                                    │   │   │ │
┌─────────────────────┐             │   │   │ │
│ Order drafted       │             │   │   │ │
│ ─────────────       │             │   │   │ │
│ Awaiting submission │             │   │   │ │
│                     ├◄────────────┘   │   │ │
│                     ├──submit───────┐ │   │ │
│                     ├◄──────────────╪─╪───╪─╪───────┐
└─────────────────────┘               │ │   │ │       │
                                      │ │   │ │       │
                                      │ │   │ │       │
┌─────────────────────┐               │ │   │ │       │
│ Validating          │               │ │   │ │       │
│                     ├◄──────────────┘ │   │ │       │
│                     ├──[ready]────────┘   │ │       │
│                     ├──invalid──────────┐ │ │       │
└─────────────────────┘                   │ │ │       │
                                          │ │ │       │
                                          │ │ │       │
┌─────────────────────┐                   │ │ │       │
│ Rejected            │                   │ │ │       │
│                     ├◄──────────────────┘ │ │       │
│                     ├◄────────────────────╪─┘       │
│                     ├──revise─────────────╪─────────┘
└─────────────────────┘                     │
                                            │
                                            │
┌─────────────────────┐                     │
│ Packing             │                     │
│                     ├◄────────────────────┘
│                     ├──dispatch───────────────┐
└─────────────────────┘                         │
                                                │
                                                │
┌─────────────────────┐                         │
│ Shipped             │                         │
│                     ├◄────────────────────────┘
│                     ├──received─────────────────┐
└─────────────────────┘                           │
                                                  │
                                                  │
┌─────────────────────┐                           │
│ Delivered           │                           │
│                     ├◄──────────────────────────┘
│                     ├─────────────────────────────┐
└─────────────────────┘                             │
                                                    │
                                                    │
┌─────────────────────┐                             │
│ ◎ final             │                             │
│                     ├◄────────────────────────────┘
└─────────────────────┘
