---
source: mermaid/src/families_tests.rs
expression: output
---
┌──────────────────┐
│ order            │
│ ─────            │
│ +int[] ids       │
│ +String a;b      │
│ +submit()        │
│ +cancel()        │
│                  ├◆─(1) contains────┐
│                  ├──(1) pays with───╪─┐
│                  ├─┄┄┄┄┄┄┄┄┄┄┄┄┄┄┄┄┄╪┄╪┄┄┄┐
└──────────────────┘                  │ │   ┆
                                      │ │   ┆
                                      │ │   ┆
┌──────────────────┐                  │ │   ┆
│ LineItem         │                  │ │   ┆
│ ────────         │                  │ │   ┆
│ +int quantity    │                  │ │   ┆
│ +Decimal price   │                  │ │   ┆
│ +subtotal()      │                  │ │   ┆
│                  ├──(1..*)──────────┘ │   ┆
└──────────────────┘                    │   ┆
                                        │   ┆
                                        │   ┆
┌──────────────────┐                    │   ┆
│ Payment          │                    │   ┆
│ ───────          │                    │   ┆
│ +Decimal amount  │                    │   ┆
│ +authorize()     │                    │   ┆
│                  ├◄─(1)───────────────┘   ┆
│                  ├◁─────────────────────┐ ┆
└──────────────────┘                      │ ┆
                                          │ ┆
                                          │ ┆
┌──────────────────┐                      │ ┆
│ CardPayment      │                      │ ┆
│ ───────────      │                      │ ┆
│ +String lastFour │                      │ ┆
│ +authorize()     │                      │ ┆
│                  ├──────────────────────┘ ┆
│                  ├─┄updates┄┄┄┄┄┄┄┄┄┄┄┄┄┄┄┘
└──────────────────┘
