---
source: mermaid/src/tests.rs
assertion_line: 35
expression: "cases.join(\"\\n\\n\")"
---
TD
╭─────────╮
│ 请求    │
│         ├──go───┐
│         ├──go───╪─┐
│         ├◄──────╪─╪───┐
│         ├───────╪─╪───╪─┐
│         ├◄┄┄┄┄┄┄╪┄╪┄┄┄╪┄╪┄┄┄┐
╰─────────╯       │ │   │ │   ┆
                  │ │   │ │   ┆
                  │ │   │ │   ┆
┌─────────┐       │ │   │ │   ┆
│ Work    │       │ │   │ │   ┆
│         ├◄──────┘ │   │ │   ┆
│         ├─┄no┄┄┄┄┄╪┄┐ │ │   ┆
│         ├─────────╪─╪─╪─┘   ┆
│         ├─┄┄┄┄┄┄┄┄╪┄╪┄╪┄┄┄┐ ┆
│         ├◄┄┄┄┄┄┄┄┄╪┄╪┄╪┄┄┄╪┄┘
└─────────┘         │ ┆ │   ┆
                    │ ┆ │   ┆
                    │ ┆ │   ┆
┌─────────┐         │ ┆ │   ┆
│ ◇ Done? │         │ ┆ │   ┆
│         ├◄────────┘ ┆ │   ┆
│         ├◄┄┄┄┄┄┄┄┄┄┄┘ │   ┆
│         ├◄────────────┘   ┆
│         ├─┄┄┄┄┄┄┄┄┄┄┄┄┄┄┄┄┘
└─────────┘

BT
┌─────────┐
│ ◇ Done? │
│         ├◄────────┐
│         ├◄┄┄┄┄┄┄┄┄╪┄┐
│         ├◄────────╪─╪─┐
│         ├─┄┄┄┄┄┄┄┄╪┄╪┄╪┄┄┄┐
└─────────┘         │ ┆ │   ┆
                    │ ┆ │   ┆
                    │ ┆ │   ┆
┌─────────┐         │ ┆ │   ┆
│ Work    │         │ ┆ │   ┆
│         ├◄──────┐ │ ┆ │   ┆
│         ├─┄no┄┄┄╪┄╪┄┘ │   ┆
│         ├───────╪─╪───╪─┐ ┆
│         ├─┄┄┄┄┄┄╪┄╪┄┄┄╪┄╪┄┘
│         ├◄┄┄┄┄┄┄╪┄╪┄┄┄╪┄╪┄┄┄┐
└─────────┘       │ │   │ │   ┆
                  │ │   │ │   ┆
                  │ │   │ │   ┆
╭─────────╮       │ │   │ │   ┆
│ 请求    │       │ │   │ │   ┆
│         ├──go───┘ │   │ │   ┆
│         ├──go─────┘   │ │   ┆
│         ├◄────────────┘ │   ┆
│         ├───────────────┘   ┆
│         ├◄┄┄┄┄┄┄┄┄┄┄┄┄┄┄┄┄┄┄┘
╰─────────╯

LR
╭────────────────────╮  ┌────────────────────┐  ┌────────────────┐
│ 请求               │  │ Work               │  │ ◇ Done?        │
╰┬───┬───┬───┬───┬───╯  └┬───┬───┬───┬───┬───┘  └┬───┬───┬───┬───┘
 │   │   ▲   │   ▲       ▲   │   │   │   ▲       ▲   ▲   ▲   │
 │go │go │   │   ┆       │   ┆no │   ┆   ┆       │   ┆   │   ┆
 │   │   │   │   ┆       │   ┆   │   ┆   ┆       │   ┆   │   ┆
 │   │   │   │   ┆       │   ┆   │   ┆   ┆       │   ┆   │   ┆
 └───╪───╪───╪───╪───────┘   ┆   │   ┆   ┆       │   ┆   │   ┆
     │   │   │   ┆           ┆   │   ┆   ┆       │   ┆   │   ┆
     └───╪───╪───╪───────────╪───╪───╪───╪───────┘   ┆   │   ┆
         │   │   ┆           ┆   │   ┆   ┆           ┆   │   ┆
         │   │   ┆           └┄┄┄╪┄┄┄╪┄┄┄╪┄┄┄┄┄┄┄┄┄┄┄┘   │   ┆
         │   │   ┆               │   ┆   ┆               │   ┆
         └───╪───╪───────────────╪───╪───╪───────────────┘   ┆
             │   ┆               │   ┆   ┆                   ┆
             └───╪───────────────┘   ┆   ┆                   ┆
                 ┆                   ┆   ┆                   ┆
                 ┆                   └┄┄┄╪┄┄┄┄┄┄┄┄┄┄┄┄┄┄┄┄┄┄┄┘
                 ┆                       ┆
                 └┄┄┄┄┄┄┄┄┄┄┄┄┄┄┄┄┄┄┄┄┄┄┄┘

RL
┌────────────────┐  ┌────────────────────┐  ╭────────────────────╮
│ ◇ Done?        │  │ Work               │  │ 请求               │
└┬───┬───┬───┬───┘  └┬───┬───┬───┬───┬───┘  ╰┬───┬───┬───┬───┬───╯
 ▲   ▲   ▲   │       ▲   │   │   │   ▲       │   │   ▲   │   ▲
 │   ┆   │   ┆       │   ┆no │   ┆   ┆       │go │go │   │   ┆
 │   ┆   │   ┆       │   ┆   │   ┆   ┆       │   │   │   │   ┆
 │   ┆   │   ┆       │   ┆   │   ┆   ┆       │   │   │   │   ┆
 │   ┆   │   ┆       └───╪───╪───╪───╪───────┘   │   │   │   ┆
 │   ┆   │   ┆           ┆   │   ┆   ┆           │   │   │   ┆
 └───╪───╪───╪───────────╪───╪───╪───╪───────────┘   │   │   ┆
     ┆   │   ┆           ┆   │   ┆   ┆               │   │   ┆
     └┄┄┄╪┄┄┄╪┄┄┄┄┄┄┄┄┄┄┄┘   │   ┆   ┆               │   │   ┆
         │   ┆               │   ┆   ┆               │   │   ┆
         └───╪───────────────╪───╪───╪───────────────┘   │   ┆
             ┆               │   ┆   ┆                   │   ┆
             ┆               └───╪───╪───────────────────┘   ┆
             ┆                   ┆   ┆                       ┆
             └┄┄┄┄┄┄┄┄┄┄┄┄┄┄┄┄┄┄┄┘   ┆                       ┆
                                     ┆                       ┆
                                     └┄┄┄┄┄┄┄┄┄┄┄┄┄┄┄┄┄┄┄┄┄┄┄┘
