---
source: tui/src/chatwidget/tests/app_server.rs
expression: "super::helpers::render_bottom_popup(&chat, 80)"
---
  Warnings · 1 of 1 · Warning

  Codex couldn't save diagnostic logs to its local database. Use /feedback
  with logs included before closing Codex, or run `codex doctor` for
  diagnostics.






  k keep & next · esc dismiss & close · ⌃o copy · ←/→ warning · ↓ scroll
