---
source: tui/src/chatwidget/tests/security_setup_tests.rs
assertion_line: 56
expression: "normalize_snapshot_paths(render_bottom_popup(&chat, 48))"
---
  Set up security for Daybreak mode
  Set up Advanced Account Security with a
  hardware security key. Verify each new
  hardware security key with Persona. You can
  keep using Codex while you finish setup.

› 1. Set up security

  Press a number to choose · esc to dismiss ·
  type to continue

› Ask Codex to do anything

  test-model-a default · /tmp/project
