---
source: tui/src/chatwidget/tests/question_turn_end_tests.rs
assertion_line: 73
expression: "normalize_snapshot_paths(render_bottom_popup(&chat, 80))"
---
› $tool existing draft

  > Which style?

  Over-ear

  > What budget?

  Under 250

  [Pasted Content 2413 chars]

  GPT-5.6-Sol default · /tmp/project
