---
source: tui/src/chatwidget/tests/history_replay.rs
expression: rendered
---
>> Code review started: current changes <<

<< Code review finished >>


› current changes



› current changes


■ Conversation interrupted - use /feedback if something went wrong

>> Code review started: current changes <<

<< Code review finished >>

• review result is retained
