---
source: tui/src/app/tui_mode_picker_tests.rs
expression: "screens.join(\"\\n\\n\")"
---
fullscreen=false, width=80
  TUI mode for next launch


› 1. Scrollback (current)  Native terminal copy, paste and scrollback
  2. Fullscreen            Scroll within Codex's fullscreen view

  Restart to apply. Launch overrides still apply.
  enter select · esc back

fullscreen=false, width=40
  TUI mode for next launch


› 1. Scrollback (current)  Native
                           terminal
                           copy, paste
                           and
                           scrollback
  2. Fullscreen            Scroll within
                           Codex's
                           fullscreen
                           view

  Restart to apply. Launch overrides
  still apply.
  enter select · esc back

fullscreen=true, width=80
  TUI mode for next launch


  1. Scrollback            Native terminal copy, paste and scrollback
› 2. Fullscreen (current)  Scroll within Codex's fullscreen view

  Restart to apply. Launch overrides still apply.
  enter select · esc back

fullscreen=true, width=40
  TUI mode for next launch


  1. Scrollback            Native
                           terminal
                           copy, paste
                           and
                           scrollback
› 2. Fullscreen (current)  Scroll within
                           Codex's
                           fullscreen
                           view

  Restart to apply. Launch overrides
  still apply.
  enter select · esc back
