---
source: tui/src/app/turn_tips_tests.rs
expression: "crate::chatwidget::tests::helpers::normalize_snapshot_paths(screens.join(\"\\n\\n\"))"
---
working=true, response rows=1, 80x12


Response row 0

• Working (0s • esc to interrupt)
  └ Tip: Try /help.


› Ask Codex to do anything

  gpt-test default · /tmp/project
  ? for shortcuts

working=true, response rows=1, 80x6
• Working (0s • esc to interrupt)

› Ask Codex to do anything

  gpt-test default · /tmp/project
  ? for shortcuts

working=false, response rows=1, 80x12
› Show a response.

• Done.
  └ Tip: Try /help.

  Worked for [duration] • [completion time]


› Ask Codex to do anything

  gpt-test default · /tmp/project
  ? for shortcuts

working=false, response rows=30, 80x12
› Show a response.

• Done.
  └ Tip: Try /help.

  Worked for [duration] • [completion time]


› Ask Codex to do anything

  gpt-test default · /tmp/project
  ? for shortcuts

working=false, response rows=1, 80x9
• Done.

  Worked for [duration] • [completion time]


› Ask Codex to do anything

  gpt-test default · /tmp/project
  ? for shortcuts

working=false, response rows=1, 80x10
› Show a response.
• Done.

  Worked for [duration] • [completion time]


› Ask Codex to do anything

  gpt-test default · /tmp/project
  ? for shortcuts

working=false, response rows=1, 80x11
› Show a response.
• Done.
  └ Tip: Try /help.

  Worked for [duration] • [completion time]


› Ask Codex to do anything

  gpt-test default · /tmp/project
  ? for shortcuts

working=false, response rows=1, 12x12

• Done.

  Worked
  for <1s •
  [completion time]


› Ask Codex

  gpt-test …
  ? for shor

working=false, response rows=1, 80x4

› Ask Codex to do anything

  ? for shortcuts
