---
source: tui/src/app/composer_hints_tests.rs
expression: "crate::chatwidget::tests::helpers::normalize_snapshot_paths(snapshots.join(\"\\n\\n\"))"
---
80 columns, 10 rows, running=false, queued=false
Conversation

⚠ Heads up, you have less than 10% of your 5h limit left. Run /status for a
  breakdown.
                                                  ⚠ 5h limit: 8% left · /status

› Ask Codex to do anything

  GPT-5.6-Sol default · /tmp/project
  ? for shortcuts                                      ⚠ 1 warning · f2 to view

80 columns, 12 rows, running=true, queued=false

⚠ Heads up, you have less than 5% of your 5h limit left. Run /status for a
  breakdown.

• Working (0s • esc to interrupt)

                                             ⚠ 5h limit: only 2% left · /status

› draft stays

  GPT-5.6-Sol default · /tmp/project
  tab to queue message

32 columns, 10 rows, running=true, queued=false
  Run /status for a breakdown.

• Working (0s • esc to interrup…

                  ⚠ 5h <1% left

› draft stays

  GPT-5.6-Sol default · /tmp/pr…
  tab to queue message

18 columns, 10 rows, running=true, queued=false
  a breakdown.

• Working (0s • e…

     ⚠ 5h 5% left

› draft stays

  GPT-5.6-Sol def…
  tab to queue mes

80 columns, 18 rows, running=true, queued=true
Conversation row 18
Conversation row 19

⚠ Heads up, you have less than 5% of your 5h limit left. Run /status for a
  breakdown.

• Working (0s • esc to interrupt)

• Queued follow-up inputs
  ↳ queued follow-up
    ⇧← edit last queued message
                                             ⚠ 5h limit: only 2% left · /status

› draft stays
  second line

  GPT-5.6-Sol default · /tmp/project
  tab to queue message

80 columns, 11 rows, running=true, queued=true
• Working (0s • esc to interrupt)

• Queued follow-up inputs
  ↳ queued follow-up
    ⇧← edit last queued message

› draft stays
  second line

  GPT-5.6-Sol default · /tmp/project
  tab to queue message

80 columns, 6 rows, running=true, queued=false
• Working (0s • esc to interrupt)

› draft stays

  GPT-5.6-Sol default · /tmp/project
  tab to queue message
