---
source: tui/src/app/agents_overview_tests.rs
expression: "normalize_agent_center_snapshot(render_bottom_popup(&app.chat_widget, 96))"
---
  Agent command center  Group: Project  g
   All 1   Needs you 0   Working 0   Ready 1   Inactive 0                      tab/⇧tab filter
  ────────────────────────────────────────────────────────────────────────────────────────────
      Tasks                                           │ Task details
  /tmp/project  1                                     │
  › ○ Review parser                                   │ Review parser
                                                      │ ○ Ready
                                                      │
                                                      │ Model: Unknown
                                                      │ Reasoning: Unknown
                                                      │
                                                      │ Project
                                                      │ /tmp/project
                                                      │
                                                      │ Last message
                                                      │ let explanation = "A long code line
                                                      │ should wrap inside the task details
                                                      │ panel.";
                                                      │
                                                      │ Prompt
                                                      │ long prompt long prompt long prompt
                                                      │ …
                                                      │
  ? help  esc back  ↑/↓ move  enter open  n new
