---
source: tui/src/app/agent_center_tests.rs
assertion_line: 450
expression: "screen(&view, 100, 24)"
---
  Agent command center  Group: Project  g
   All 0   Needs you 0   Working 0   Ready 0   Inactive 0                          tab/⇧tab filter
  ────────────────────────────────────────────────────────────────────────────────────────────────
  Task shortcuts

  Navigate            Tasks                View
  k      Up           n          New       tab/⇧tab  Filter
  j      Down         o          Resume    f3        Search
  enter  Open         f          Fork      g         Group
  pgdn   Page down    z r        Rename
  ⌃c     Quit         x          Stop
                      h          Hide
                      backspace  Delete










  esc back
