---
source: tui/src/app/agents_overview_usage_tests.rs
expression: "render_bottom_popup(&app.chat_widget,\n96).replace(&format!(\"{project}  2\"),\n&group).replace(&project, \"/tmp/project\").replace(\"fwd del\", \"del\")"
---
  Agent command center  Group: Project  g
   All 2   Needs you 1   Working 0   Ready 1   Inactive 0                      tab/⇧tab filter
  ────────────────────────────────────────────────────────────────────────────────────────────
      Tasks                                           │ Task details
  /tmp/project  2                                     │
  › ● Review parser                                   │ Review parser
    ○ Other task                                      │ ● Needs input
                                                      │
                                                      │ Model: Unknown
                                                      │ Reasoning: Unknown
                                                      │
                                                      │ Project
                                                      │ /tmp/project
                                                      │ Tokens: 13K in · 4K out
                                                      │ Est. usage: 5 credits · ~$0.20
                                                      │
                                                      │ Needs attention
                                                      │ Which dependency version should I use?
                                                      │ Open task to review.
                                                      │
                                                      │ Prompt
                                                      │ Review parser
                                                      │
  ? help  esc back  ↑/↓ move  enter open  n new
