---
source: tui/src/bottom_pane/chat_composer/reconnect_tests.rs
assertion_line: 58
expression: rows
---
                                        
› line 16 abc                          ↑
  line 17 abc                           
  line 18 abc                           
  line 19 abc                           
  line 20 ac                            
                                        
                     100% context left
