---
source: cli/src/login_storage_tests.rs
assertion_line: 47
expression: "logs.replace(home.path().join(\"secrets\").to_str().unwrap(),\n\"[SECRETS_PATH]\").replace(&cause, \"[OS_ERROR]\")"
---
 WARN codex_login::auth::storage: failed to save auth to keyring, falling back to file storage: failed to write OAuth tokens to encrypted auth storage: failed to create secrets dir [SECRETS_PATH]: [OS_ERROR]
 WARN codex_otel::auth_storage: credential storage file fallback completed credential_kind="codex" store_mode="auto" selected_store="secrets" actual_store="file" operation="save" secure_outcome="error" outcome="success" fallback_reason="secure_error" secure_error="other" storage_phase="policy" originator="none"
