---
source: tui/src/tooltips/keybinding_tests.rs
expression: "lines.iter().map(|line| format!(\"{line:?}\")).collect::<Vec<_>>().join(\"\\n\")"
---
Line::from("Default")
Line::from_iter([Span::from("Tip:").bold(), Span::from(" Press "), Span::from("tab").fg(Color::Rgb(166, 227, 161)), Span::from(" to queue a message when a")])
Line::from("task is running; otherwise it sends")
Line::from_iter([Span::from("immediately (except "), Span::from("!").fg(Color::Rgb(166, 227, 161)), Span::from(").")])
Line::default()
Line::from_iter([Span::from("Tip:").bold(), Span::from(" Use "), Span::from("/copy").bold(), Span::from(" or press "), Span::from("⌃o").fg(Color::Rgb(166, 227, 161)), Span::from(" to copy the")])
Line::from("latest agent response as Markdown.")
Line::default()
Line::from_iter([Span::from("Tip:").bold(), Span::from(" Press "), Span::from("⌃t").fg(Color::Rgb(166, 227, 161)), Span::from(" to open the full")])
Line::from("transcript.")
Line::default()
Line::from_iter([Span::from("Tip:").bold(), Span::from(" Press "), Span::from("f3").fg(Color::Rgb(166, 227, 161)), Span::from(" to search this")])
Line::from("conversation.")
Line::default()
Line::from_iter([Span::from("Tip:").bold(), Span::from(" Press "), Span::from("⌃g").fg(Color::Rgb(166, 227, 161)), Span::from(" to edit your current draft")])
Line::from("in an external editor.")
Line::default()
Line::from_iter([Span::from("Tip:").bold(), Span::from(" Press "), Span::from("⌃r").fg(Color::Rgb(166, 227, 161)), Span::from(" to search previously")])
Line::from("entered prompts.")
Line::default()
Line::from_iter([Span::from("Tip:").bold(), Span::from(" For models with adjustable")])
Line::from_iter([Span::from("reasoning, press "), Span::from("⌥.").fg(Color::Rgb(166, 227, 161)), Span::from(" to increase")])
Line::from_iter([Span::from("reasoning effort or "), Span::from("⌥,").fg(Color::Rgb(166, 227, 161)), Span::from(" to decrease it.")])
Line::default()
Line::from("Remapped")
Line::from_iter([Span::from("Tip:").bold(), Span::from(" Press "), Span::from("⌃x q").fg(Color::Rgb(166, 227, 161)), Span::from(" to queue a message when")])
Line::from("a task is running; otherwise it sends")
Line::from_iter([Span::from("immediately (except "), Span::from("!").fg(Color::Rgb(166, 227, 161)), Span::from(").")])
Line::default()
Line::from_iter([Span::from("Tip:").bold(), Span::from(" Use "), Span::from("/copy").bold(), Span::from(" or press "), Span::from("⌃x `").fg(Color::Rgb(166, 227, 161)), Span::from(" to copy the")])
Line::from("latest agent response as Markdown.")
Line::default()
Line::from_iter([Span::from("Tip:").bold(), Span::from(" Press "), Span::from("⌃x t").fg(Color::Rgb(166, 227, 161)), Span::from(" to open the full")])
Line::from("transcript.")
Line::default()
Line::from_iter([Span::from("Tip:").bold(), Span::from(" Press "), Span::from("⌃x f").fg(Color::Rgb(166, 227, 161)), Span::from(" to search this")])
Line::from("conversation.")
Line::default()
Line::from_iter([Span::from("Tip:").bold(), Span::from(" Press "), Span::from("⌃x e").fg(Color::Rgb(166, 227, 161)), Span::from(" to edit your current")])
Line::from("draft in an external editor.")
Line::default()
Line::from_iter([Span::from("Tip:").bold(), Span::from(" Press "), Span::from("⌃x r").fg(Color::Rgb(166, 227, 161)), Span::from(" to search previously")])
Line::from("entered prompts.")
Line::default()
Line::from_iter([Span::from("Tip:").bold(), Span::from(" For models with adjustable")])
Line::from_iter([Span::from("reasoning, press "), Span::from("⌃x +").fg(Color::Rgb(166, 227, 161)), Span::from(" to increase")])
Line::from_iter([Span::from("reasoning effort or "), Span::from("⌃x -").fg(Color::Rgb(166, 227, 161)), Span::from(" to decrease it.")])
Line::default()
