---
source: tui/src/bottom_pane/shortcut_overlay_tests.rs
expression: terminal.backend()
---
"  Keyboard shortcuts                                                            "
"                                                                                "
"  Compose                      Session                                          "
"  /       Commands             tab   Send message                               "
"  @       Mention files        ⇧tab  Change mode                                "
"  !       Shell command        ⌥.    More reasoning                             "
"  ⇧enter  New line             f8    Voice                                      "
"  ⌃⌥v     Paste image          ←     Agents (empty prompt)                      "
"  ⌃x ⌃e   External editor      f4    Inspect activity                           "
"  esc     Edit last message    ⌃c    Quit                                       "
"                                                                                "
"                               Transcript (open first)                          "
"                               ⌃t            Open transcript                    "
"                               f3            Find text                          "
"                               pgup / pgdn   Scroll                             "
"                               ⌃space        Start selection                    "
"                               ⌃home / ⌃end  Top / latest                       "
"                               ⇧⌥, / ⇧⌥.     Top / latest                       "
"                                                                                "
"  /keymap customize                                                             "
