---
source: tui/src/bottom_pane/view_stack_tests.rs
assertion_line: 86
expression: "snapshots.join(\"\\n\")"
---
80x9
"................................................................................"
"................................................................................"
"................................................................................"
"....DDDDDDDDDDDDDDDDDDDDDDDDDDDDDDDDDDDDDDDDDDDDDDDDDDDDDDDDDDDDDDDDDDDDDDDD...."
"....                                                                        ...."
"....                                                                        ...."
"................................................................................"
"................................................................................"
"................................................................................"

24x7
"........................"
"........................"
"..DDDDDDDDDDDDDDDDDDDD.."
"..                    .."
"..                    .."
"........................"
"........................"

12x2
"..DDDDDDDD.."
"..        .."
