---
source: tui/src/bottom_pane/chat_composer.rs
assertion_line: 5302
expression: terminal.backend()
---
"                                                            "
"› Please explain:                                           "
"  > first line                                              "
"  >                                                         "
"  > last line                                               "
"                                                            "
"  Next block                                                "
"                                                            "
"                                         100% context left  "
