---
source: tui/src/bottom_pane/chat_composer.rs
expression: terminal.backend()
---
"                                                                                "
"› Ask Codex to do anything                                                      "
"                                                                                "
"                                                                                "
"                                                                                "
"                                                                                "
"                                                                                "
"                                                                                "
"  Session ID: 00000000-0000-0000-0000-000000000123           100% context left  "
