---
source: tui/src/bottom_pane/chat_composer.rs
assertion_line: 5217
expression: terminal.backend()
---
"› /model          choose what model and reasoning effort to "
"                  use                                       "
"  /ide            include current selection, open files, and"
"                  other context from your IDE               "
"  /permissions    choose what Codex is allowed to do        "
"                                                            "
"› /                                                         "
"                                                            "
"                           100% context left | Vim: Insert  "
