---
source: tui/src/chatwidget/tests/popups_and_settings.rs
expression: snapshot
---
"                                                                                "
"                                                                                "
"› Ask Codex to do anything                                                      "
"                                                                                "
"  GPT-5.5 max                                                                   "
