---
source: tui/src/chatwidget/tests/slash_commands.rs
assertion_line: 2193
expression: "cells.iter().map(|cell|\nlines_to_single_string(cell).trim().to_string()).collect::<Vec<_>>().join(\"\\n\")"
---
Worked for [duration] • [completion time]
• Saved conversation to conversation.md
• Copied conversation to clipboard
■ Copy failed: clipboard unavailable
■ Export failed: missing parent
