---
source: tui/src/onboarding/bedrock_tests.rs
expression: render_visible(&state)
---
Using Codex with AWS GovCloud

You are using Codex with AWS GovCloud. Please ensure you or your
administrator have read the application configuration and security
guidance before proceeding.

> Acknowledge

  Press enter to continue
